// Jest Snapshot v1, https://goo.gl/fbAQLP

exports[`PRUEBAS SOBRE COUNTER APP debe hacer match con el snapshot 1`] = `
<div>
  <h1>
    Countador
  </h1>
  <h1>
    valor actual 
  </h1>
  <button>
    1
  </button>
  <button>
    toggle
  </button>
  <button
    aria-label="btn-reset"
  >
    reset
  </button>
</div>
`;
